Testing ai_recommend_places...
RESULT: [{'place_id': 'ChIJ41wbgbqrQjQR75mxQgbywys', 'name': '一蘭拉麵台灣台北本店', 'rating': 4.2, 'user_rating_count': 21791, 'types': ['ramen_restaurant', 'noodle_shop', 'japanese_restaurant', 'restaurant', 'food', 'point_of_interest', 'establishment'], 'address': '110台灣臺北市信義區松仁路97號', 'lat': 25.036185399999997, 'lng': 121.56925339999998, 'photo_ref': 'places/ChIJ41wbgbqrQjQR75mxQgbywys/photos/AU_ZVEHg1KdzjMTeJbZewbQ32DhoA62805THlsFIeLOt53MhCERKdJPjZtOfif7UpEtnDy1gs0ZjQn8yZa_ifdujNkqhfkzDObHovue69VER9VkbyvnAcNPKAEZNC0f0IMo7xaqFwa2f6FCjlKrjexvrWZPIWxWj-wfSGctfJCtR7OS2f1_6-uA2pIzV9Or4qab8RWmTM4H30gDGuur3arCITv59J44VJRWjBtWDpdwlD06oiHjnAGPQcChOIO5M4ZiUrUR1yQoZIrxLB9FrdQ64TPhyWsF8xXhKNB-wrqE4jpSa_Q', 'is_open': True, 'tags': ['#觀光客首選', '#排隊名店', '#日式經典'], 'reason': '超高人氣，經典日本拉麵必嚐'}, {'place_id': 'ChIJVTq0LrmrQjQRzML2AqvWrpg', 'name': '五之神製作所 台灣', 'rating': 4.3, 'user_rating_count': 5682, 'types': ['ramen_restaurant', 'japanese_restaurant', 'restaurant', 'food', 'point_of_interest', 'establishment'], 'address': '110台灣臺北市信義區忠孝東路四段553巷6弄6號1樓', 'lat': 25.0421928, 'lng': 121.56313910000001, 'photo_ref': 'places/ChIJVTq0LrmrQjQRzML2AqvWrpg/photos/AU_ZVEGVFRyTp9DjyqvITr42Xk838Fc9ASfFlOXHEetxlViMoSBv4tEJRDsM_okcbzECFLjFwKhlhjFa2RnILhjSkiDrvpYeeAVw4TAPPGtqQUnREn2-s13DgEmrL_L3rlQIGtEhwSGYavvJlvunvW-tIlPk-fXGIFYcn3rZdTe2-a-0mTfHSQju3EA0MdRdUMxdjrlnHu3SQUF4wSp9WS68G5nG3cpxIvwV11Gmj-Tq93fmukMLRSQC1B9z9rkfwxavT2TEH96bFT9l4yR7usbwkRCliYJnZLiAs6WPE4isTJFtkA', 'is_open': True, 'tags': ['#特色拉麵', '#日本名店', '#蝦湯濃郁'], 'reason': '蝦味拉麵獨特，饕客激推必訪'}, {'place_id': 'ChIJcXUAHc-rQjQRbrHnBNwNyLs', 'name': '柑橘Shinn', 'rating': 4.5, 'user_rating_count': 5161, 'types': ['ramen_restaurant', 'japanese_restaurant', 'restaurant', 'food', 'point_of_interest', 'establishment'], 'address': '106台灣臺北市大安區仁愛路四段228-6號', 'lat': 25.037214799999997, 'lng': 121.55225390000001, 'photo_ref': 'places/ChIJcXUAHc-rQjQRbrHnBNwNyLs/photos/AU_ZVEEFxqTw3XsRqTCTsfQIln8JLduLeL1yo4_6VRjAwFZcfd6g5Yxd3GJiH6qdm-z2_II11VoSzJoZFgv7ufgsl5izqBylEuFDDVV8N3BSSlWYv4AqfmfYIKdpocZRotNzW-mlEKZb0Hqodu08c6Yk8Fk-llb4PqxUAZFMXMxxLorRwXukJnk63KE0LKRIJLRGOANg19-YnsKpXedBp2A0rtQJHqFW_vG8fH9ntrvjMyl10w_4Fwxk_NV1KCX-g84KPt8jgNwhjkbWOvhTApfXwjPGbaaDuloSdn-hDUJ8JK_LRCvFuo-jo-dwKhF99kpuxtJ0_QHG42ChlQfClJGB0fHZouB4gjnAMD4jLxTuWhZK4g7-ygnw0wBZYvyuJnFoo3R_iTBsvSHQvtjaCeH0_-P2nY-7X_c_YfYBYXOByyI7xcy84sMLWA', 'is_open': True, 'tags': ['#文青最愛', '#特色湯頭', '#日式創新'], 'reason': '清爽柑橘風味，創新拉麵代表'}, {'place_id': 'ChIJ07YaaWirQjQRUpgzJR2EK_M', 'name': '伊禾白湯', 'rating': 4.9, 'user_rating_count': 1082, 'types': ['ramen_restaurant', 'japanese_restaurant', 'restaurant', 'food', 'point_of_interest', 'establishment'], 'address': '110台灣臺北市信義區光復南路519巷9號', 'lat': 25.031955099999998, 'lng': 121.55802799999998, 'photo_ref': 'places/ChIJ07YaaWirQjQRUpgzJR2EK_M/photos/AU_ZVEFqvHKbzNUOtEURL-f_K7SHaGeUQjEamOk1ftuQuO-Ap4---uF0tESbVBw-ccdWv8QfL1xMNgKgRFZka3jsGcf8Hqq8muDEW0isrYzwcNLiRmPAwMqr8dUsmgcG7wFI3yj5mQx2O5GE7wkJvhTJo3ZUzoCOwhKDqUOvVLsL0yoJ0Y5n9K4ixGE064OiLa5mv_g0KcrG7h71uf3MO--8TQ27AG1lAFzCOUGOdxrE-Pg5RUCc_J_yMU4mFU1Pn8O8ucBlkUZPhtrk2muCHZaPau51JSaW1ndiCLE8eC33k7IWTopD7lYb_GyH5E8OmLQMm6uKccACT1h3JQ-zEtNKCZ4q3jjaXa00cb_QCBiyCaLKw7hPadFBgKorE8QsRrCLlBDAAjgnoqNBK4Atn27-65F-Kd3v5JDjGAgNLONjnvtYmxPfn_9Sc3huDK18MP_i', 'is_open': True, 'tags': ['#在地激推', '#招牌白湯', '#日式精緻'], 'reason': '白湯濃郁醇厚，高評價在地激推'}, {'place_id': 'ChIJE9VTMACrQjQRs8GfgQLCodQ', 'name': '麵屋千雲 信義101店', 'rating': 4.7, 'user_rating_count': 1955, 'types': ['ramen_restaurant', 'japanese_restaurant', 'restaurant', 'food', 'point_of_interest', 'establishment'], 'address': '110台灣臺北市信義區信義路五段16號', 'lat': 25.0326269, 'lng': 121.5630331, 'photo_ref': 'places/ChIJE9VTMACrQjQRs8GfgQLCodQ/photos/AU_ZVEEHmqb32uMUNElEniSjzPHM5J1AX2pUfT-d7dGJ3QoXSfwGL1z-odCRE2SnJx_cWgFU_GI1p9MzZHLt0ceg3BLjtMrlCd7oVNL2UsIlutcWkA_FT6I3WyagFvoJ0uzVS3prHsRX1jAgbk2jWawV_ly-0mcTscdioPmeST0RFOAkMARBtfhdJFkoHIUl3S58Ins9FDhsoZLoNlA8__NgpDW29padSCcf6YELHuve2hYT6o0DW0CG5pCDdeC1mpWAnRitGRBYvnPM6XHUqu6h0u4EtE0-06K_T8BWjpecLgbx6g', 'is_open': True, 'tags': ['#信義區必吃', '#排隊美食', '#雞白湯系'], 'reason': '近101、評價佳，雞白湯濃郁'}]
